[ 5652983ms] [INFO] All ICE candidates have been sent. @ http://localhost:7860/assets/index-_1LJmTIa.js:0
[ 5656912ms] [INFO] All ICE candidates have been sent. @ http://localhost:7860/assets/index-C3WorSEj.js:0
[ 5656975ms] [LOG] [bot-audio] {"tag":"attach","readyState":0,"paused":true,"muted":false,"volume":1,"sinkId":"","tracks":[{"enabled":true,"muted":false,"readyState":"live"}],"audioContext":null} @ http://localhost:7860/assets/index-C3WorSEj.js:322
[ 5656976ms] [LOG] [bot-audio] {"tag":"audioctx-state","readyState":4,"paused":false,"muted":false,"volume":1,"sinkId":"","tracks":[{"enabled":true,"muted":false,"readyState":"live"}],"audioContext":"running"} @ http://localhost:7860/assets/index-C3WorSEj.js:322
[ 5658177ms] [LOG] [bot-audio] {"tag":"play-resolved","readyState":4,"paused":false,"muted":false,"volume":1,"sinkId":"","tracks":[{"enabled":true,"muted":false,"readyState":"live"}],"audioContext":"running"} @ http://localhost:7860/assets/index-C3WorSEj.js:322
[ 5724658ms] [INFO] SmallWebRTCMediaManager replacing audio track @ http://localhost:7860/assets/index-C3WorSEj.js:0
[ 8056389ms] [LOG] [bot-audio] {"tag":"track:ended","readyState":4,"paused":false,"muted":false,"volume":1,"sinkId":"default","tracks":[{"enabled":true,"muted":false,"readyState":"ended"}],"audioContext":"running"} @ http://localhost:7860/assets/index-C3WorSEj.js:322
[85785943ms] [LOG] [bot-audio] {"tag":"audioctx-state","readyState":0,"paused":true,"muted":false,"volume":1,"sinkId":"default","tracks":null,"audioContext":null} @ http://localhost:7860/assets/index-C3WorSEj.js:322
[85786014ms] [INFO] All ICE candidates have been sent. @ http://localhost:7860/assets/index-C3WorSEj.js:0
[85786079ms] [LOG] [bot-audio] {"tag":"attach","readyState":0,"paused":true,"muted":false,"volume":1,"sinkId":"default","tracks":[{"enabled":true,"muted":false,"readyState":"live"}],"audioContext":null} @ http://localhost:7860/assets/index-C3WorSEj.js:322
[85786080ms] [LOG] [bot-audio] {"tag":"audioctx-state","readyState":4,"paused":false,"muted":false,"volume":1,"sinkId":"default","tracks":[{"enabled":true,"muted":false,"readyState":"live"}],"audioContext":"running"} @ http://localhost:7860/assets/index-C3WorSEj.js:322
[85787280ms] [LOG] [bot-audio] {"tag":"play-resolved","readyState":4,"paused":false,"muted":false,"volume":1,"sinkId":"default","tracks":[{"enabled":true,"muted":false,"readyState":"live"}],"audioContext":"running"} @ http://localhost:7860/assets/index-C3WorSEj.js:322
[85797739ms] [ERROR] Failed to load resource: the server responded with a status of 404 (Not Found) @ http://localhost:7860/favicon.ico:0
[85805509ms] [INFO] SmallWebRTCMediaManager replacing audio track @ http://localhost:7860/assets/index-C3WorSEj.js:0
[85805509ms] [INFO] SmallWebRTCMediaManager replacing audio track @ http://localhost:7860/assets/index-C3WorSEj.js:0
[85805511ms] InvalidStateError: Failed to execute 'replaceTrack' on 'RTCRtpSender': The peer connection is closed.
    at mf.onTrackStartedCallback (http://localhost:7860/assets/index-C3WorSEj.js:319:19698)
    at mf.handleTrackStarted (http://localhost:7860/assets/index-C3WorSEj.js:319:10708)
    at i.emit (http://localhost:7860/assets/index-C3WorSEj.js:2:4216)
    at e.value (http://localhost:7860/assets/index-C3WorSEj.js:11:33317)
    at e.value (http://localhost:7860/assets/index-C3WorSEj.js:11:32790)
    at e.value (http://localhost:7860/assets/index-C3WorSEj.js:11:33076)
    at e.value (http://localhost:7860/assets/index-C3WorSEj.js:11:26531)
    at i (http://localhost:7860/assets/index-C3WorSEj.js:3:15817)
